*** EVALUATION ***
PROGRAM "lab11.abs"

*********************************************************************************************
TARGET SECTION
---------------------------------------------------------------------------------------------
Processor   : Freescale HC08
Memory Model: SMALL
File Format : ELF\DWARF 2.0
Linker      : SmartLinker V-5.0.53 Build 17146, May 27 2017

*********************************************************************************************
FILE SECTION
---------------------------------------------------------------------------------------------
main_asm.obj                            Model: SMALL,         Lang: Assembler,     Compiler Version: Assembler for HC08 V-5.0.30 Build 17146, May 27 2017

*********************************************************************************************
STARTUP SECTION
---------------------------------------------------------------------------------------------
Entry point: 0xE000 (_Startup)

*********************************************************************************************
SECTION-ALLOCATION SECTION
Section Name                    Size  Type     From       To       Segment
---------------------------------------------------------------------------------------------
main_asm__ORG00001                 1   R/W       0x60       0x60   .absSeg0
main_asm__ORG00002               133     R     0xE000     0xE084   .absSeg1
.stack                            64   R/W      0x100      0x13F   RAM
.vectSeg2_vect                     2     R     0xFFDA     0xFFDB   .vectSeg2
.vectSeg3_vect                     2     R     0xFFFE     0xFFFF   .vectSeg3

Summary of section sizes per section type:
READ_ONLY (R):          89 (dec:      137)
READ_WRITE (R/W):       41 (dec:       65)

*********************************************************************************************
VECTOR-ALLOCATION SECTION
    Address     InitValue   InitFunction
---------------------------------------------------------------------------------------------
     0xFFDA        0xE070   LetsFlash
     0xFFFE        0xE000   _Startup

*********************************************************************************************
OBJECT-ALLOCATION SECTION
     Name               Module                 Addr   hSize   dSize     Ref    Section   RLIB
---------------------------------------------------------------------------------------------
MODULE:                 -- main_asm.obj --
- PROCEDURES:
     _Startup                                  E000      45      69       0   .init       
     main                                      E000       0       0       0   .init       
     mainLoop                                  E045       2       2       0   .init       
     CW                                        E047      14      20       0   .init       
     CCW                                       E05B      14      20       0   .init       
     DontDoIt                                  E06F       1       1       0   .init       
     LetsFlash                                 E070      15      21       0   .init       
- VARIABLES:
     WhatKey                                     60       1       1       0   .text       

*********************************************************************************************
MODULE STATISTIC
  Name                                      Data   Code  Const
---------------------------------------------------------------------------------------------
  main_asm.obj                                 1    133      0
  other                                       64      4      0

*********************************************************************************************
SECTION USE IN OBJECT-ALLOCATION SECTION
---------------------------------------------------------------------------------------------
SECTION: ".text"
  WhatKey 
SECTION: ".init"
  main _Startup mainLoop CW CCW DontDoIt LetsFlash 

*********************************************************************************************
OBJECT LIST SORTED BY ADDRESS
     Name                                      Addr   hSize   dSize     Ref    Section   RLIB
---------------------------------------------------------------------------------------------
     WhatKey                                     60       1       1       0   .text       
     main                                      E000       0       0       0   .init       
     _Startup                                  E000      45      69       0   .init       
     mainLoop                                  E045       2       2       0   .init       
     CW                                        E047      14      20       0   .init       
     CCW                                       E05B      14      20       0   .init       
     DontDoIt                                  E06F       1       1       0   .init       
     LetsFlash                                 E070      15      21       0   .init       

*********************************************************************************************
UNUSED-OBJECTS SECTION
---------------------------------------------------------------------------------------------

*********************************************************************************************
COPYDOWN SECTION
---------------------------------------------------------------------------------------------

*********************************************************************************************
OBJECT-DEPENDENCIES SECTION
---------------------------------------------------------------------------------------------

*********************************************************************************************
DEPENDENCY TREE
*********************************************************************************************
 main and _Startup Group
 | 
 +- main                
 |    
 +- _Startup            
      
*********************************************************************************************
STATISTIC SECTION
---------------------------------------------------------------------------------------------

ExeFile:
--------
Number of blocks to be downloaded: 3
Total size of all blocks to be downloaded: 137

