*** EVALUATION ***
PROGRAM "Lab6.abs"

*********************************************************************************************
TARGET SECTION
---------------------------------------------------------------------------------------------
Processor   : Freescale HC08
Memory Model: SMALL
File Format : ELF\DWARF 2.0
Linker      : SmartLinker V-5.0.53 Build 17146, May 27 2017

*********************************************************************************************
FILE SECTION
---------------------------------------------------------------------------------------------
main_asm.obj                            Model: SMALL,         Lang: Assembler,     Compiler Version: Assembler for HC08 V-5.0.30 Build 17146, May 27 2017

*********************************************************************************************
STARTUP SECTION
---------------------------------------------------------------------------------------------
Entry point: 0xE000 (_Startup)

*********************************************************************************************
SECTION-ALLOCATION SECTION
Section Name                    Size  Type     From       To       Segment
---------------------------------------------------------------------------------------------
main_asm__ORG00001                 3   R/W       0x60       0x62   .absSeg0
main_asm__ORG00002               127     R     0xE000     0xE07E   .absSeg1
.stack                            64   R/W      0x100      0x13F   RAM
.vectSeg2_vect                     2     R     0xFFFE     0xFFFF   .vectSeg2

Summary of section sizes per section type:
READ_ONLY (R):          81 (dec:      129)
READ_WRITE (R/W):       43 (dec:       67)

*********************************************************************************************
VECTOR-ALLOCATION SECTION
    Address     InitValue   InitFunction
---------------------------------------------------------------------------------------------
     0xFFFE        0xE000   _Startup

*********************************************************************************************
OBJECT-ALLOCATION SECTION
     Name               Module                 Addr   hSize   dSize     Ref    Section   RLIB
---------------------------------------------------------------------------------------------
MODULE:                 -- main_asm.obj --
- PROCEDURES:
     _Startup                                  E000      14      20       0   .init       
     main                                      E000       0       0       0   .init       
     SendIt                                    E014      11      17       0   .init       
     I2CTxByte                                 E025       4       4       0   .init       
     I2CNextBit                                E029       F      15       0   .init       
     SendLow                                   E038       A      10       0   .init       
     I2CTxCont                                 E042       8       8       0   .init       
     I2CAckPoll                                E04A      14      20       0   .init       
     I2CNoAck                                  E05E       5       5       0   .init       
     I2CStartBit                               E063       8       8       0   .init       
     I2CStopBit                                E06B       A      10       0   .init       
     I2CSetupDelay                             E075       5       5       0   .init       
     I2CBitDelay                               E07A       5       5       0   .init       
- VARIABLES:
     BitCounter                                  60       1       1       0   .text       
     Value                                       61       1       1       0   .text       
     Direction                                   62       1       1       0   .text       

*********************************************************************************************
MODULE STATISTIC
  Name                                      Data   Code  Const
---------------------------------------------------------------------------------------------
  main_asm.obj                                 3    127      0
  other                                       64      2      0

*********************************************************************************************
SECTION USE IN OBJECT-ALLOCATION SECTION
---------------------------------------------------------------------------------------------
SECTION: ".text"
  BitCounter Value Direction 
SECTION: ".init"
  main _Startup SendIt I2CTxByte I2CNextBit SendLow I2CTxCont I2CAckPoll 
  I2CNoAck I2CStartBit I2CStopBit I2CSetupDelay I2CBitDelay 

*********************************************************************************************
OBJECT LIST SORTED BY ADDRESS
     Name                                      Addr   hSize   dSize     Ref    Section   RLIB
---------------------------------------------------------------------------------------------
     BitCounter                                  60       1       1       0   .text       
     Value                                       61       1       1       0   .text       
     Direction                                   62       1       1       0   .text       
     main                                      E000       0       0       0   .init       
     _Startup                                  E000      14      20       0   .init       
     SendIt                                    E014      11      17       0   .init       
     I2CTxByte                                 E025       4       4       0   .init       
     I2CNextBit                                E029       F      15       0   .init       
     SendLow                                   E038       A      10       0   .init       
     I2CTxCont                                 E042       8       8       0   .init       
     I2CAckPoll                                E04A      14      20       0   .init       
     I2CNoAck                                  E05E       5       5       0   .init       
     I2CStartBit                               E063       8       8       0   .init       
     I2CStopBit                                E06B       A      10       0   .init       
     I2CSetupDelay                             E075       5       5       0   .init       
     I2CBitDelay                               E07A       5       5       0   .init       

*********************************************************************************************
UNUSED-OBJECTS SECTION
---------------------------------------------------------------------------------------------

*********************************************************************************************
COPYDOWN SECTION
---------------------------------------------------------------------------------------------

*********************************************************************************************
OBJECT-DEPENDENCIES SECTION
---------------------------------------------------------------------------------------------

*********************************************************************************************
DEPENDENCY TREE
*********************************************************************************************
 main and _Startup Group
 | 
 +- main                
 |    
 +- _Startup            
      
*********************************************************************************************
STATISTIC SECTION
---------------------------------------------------------------------------------------------

ExeFile:
--------
Number of blocks to be downloaded: 2
Total size of all blocks to be downloaded: 129

