*** EVALUATION ***
PROGRAM "lab03_SCI.abs"

*********************************************************************************************
TARGET SECTION
---------------------------------------------------------------------------------------------
Processor   : Freescale HC08
Memory Model: SMALL
File Format : ELF\DWARF 2.0
Linker      : SmartLinker V-5.0.53 Build 17146, May 27 2017

*********************************************************************************************
FILE SECTION
---------------------------------------------------------------------------------------------
main_asm.obj                            Model: SMALL,         Lang: Assembler,     Compiler Version: Assembler for HC08 V-5.0.30 Build 17146, May 27 2017

*********************************************************************************************
STARTUP SECTION
---------------------------------------------------------------------------------------------
Entry point: 0xE000 (_Startup)

*********************************************************************************************
SECTION-ALLOCATION SECTION
Section Name                    Size  Type     From       To       Segment
---------------------------------------------------------------------------------------------
main_asm__ORG00001               101   R/W       0x60       0xC4   .absSeg0
main_asm__ORG00002                74     R     0xE000     0xE049   .absSeg1
.stack                            64   R/W      0x100      0x13F   RAM
.vectSeg2_vect                     2     R     0xFFE0     0xFFE1   .vectSeg2
.vectSeg3_vect                     2     R     0xFFFE     0xFFFF   .vectSeg3

Summary of section sizes per section type:
READ_ONLY (R):          4E (dec:       78)
READ_WRITE (R/W):       A5 (dec:      165)

*********************************************************************************************
VECTOR-ALLOCATION SECTION
    Address     InitValue   InitFunction
---------------------------------------------------------------------------------------------
     0xFFE0        0xE039   _RX
     0xFFFE        0xE000   _Startup

*********************************************************************************************
OBJECT-ALLOCATION SECTION
     Name               Module                 Addr   hSize   dSize     Ref    Section   RLIB
---------------------------------------------------------------------------------------------
MODULE:                 -- main_asm.obj --
- PROCEDURES:
     _Startup                                  E000      23      35       0   .init       
     main                                      E000       0       0       0   .init       
     mainLoop                                  E023       2       2       0   .init       
     GetYourSendOn                             E025       4       4       0   .init       
     Awesome                                   E029      10      16       0   .init       
     _RX                                       E039      11      17       0   .init       
- VARIABLES:
     Message                                     60      64     100       0   .text       
     Count                                       C4       1       1       0   .text       
- LABELS:
     __SEG_END_SSTACK                           140       0       0       1               

*********************************************************************************************
MODULE STATISTIC
  Name                                      Data   Code  Const
---------------------------------------------------------------------------------------------
  main_asm.obj                               101     74      0
  other                                       64      4      0

*********************************************************************************************
SECTION USE IN OBJECT-ALLOCATION SECTION
---------------------------------------------------------------------------------------------
SECTION: ".text"
  Message Count 
SECTION: ".init"
  main _Startup mainLoop GetYourSendOn Awesome _RX 

*********************************************************************************************
OBJECT LIST SORTED BY ADDRESS
     Name                                      Addr   hSize   dSize     Ref    Section   RLIB
---------------------------------------------------------------------------------------------
     Message                                     60      64     100       0   .text       
     Count                                       C4       1       1       0   .text       
     main                                      E000       0       0       0   .init       
     _Startup                                  E000      23      35       0   .init       
     mainLoop                                  E023       2       2       0   .init       
     GetYourSendOn                             E025       4       4       0   .init       
     Awesome                                   E029      10      16       0   .init       
     _RX                                       E039      11      17       0   .init       

*********************************************************************************************
UNUSED-OBJECTS SECTION
---------------------------------------------------------------------------------------------

*********************************************************************************************
COPYDOWN SECTION
---------------------------------------------------------------------------------------------

*********************************************************************************************
OBJECT-DEPENDENCIES SECTION
---------------------------------------------------------------------------------------------

*********************************************************************************************
DEPENDENCY TREE
*********************************************************************************************
 main and _Startup Group
 | 
 +- main                
 |    
 +- _Startup            
      
*********************************************************************************************
STATISTIC SECTION
---------------------------------------------------------------------------------------------

ExeFile:
--------
Number of blocks to be downloaded: 3
Total size of all blocks to be downloaded: 78

