*** EVALUATION ***
PROGRAM "Lab01_KeyBoardPatterensSlave.abs"

*********************************************************************************************
TARGET SECTION
---------------------------------------------------------------------------------------------
Processor   : Freescale HC08
Memory Model: SMALL
File Format : ELF\DWARF 2.0
Linker      : SmartLinker V-5.0.53 Build 17146, May 27 2017

*********************************************************************************************
FILE SECTION
---------------------------------------------------------------------------------------------
main_asm.obj                            Model: SMALL,         Lang: Assembler,     Compiler Version: Assembler for HC08 V-5.0.30 Build 17146, May 27 2017

*********************************************************************************************
STARTUP SECTION
---------------------------------------------------------------------------------------------
Entry point: 0xE01B (_Startup)

*********************************************************************************************
SECTION-ALLOCATION SECTION
Section Name                    Size  Type     From       To       Segment
---------------------------------------------------------------------------------------------
main_asm__ORG00001                 8   R/W       0x60       0x67   .absSeg0
main_asm__ORG00002               420     R     0xE000     0xE1A3   .absSeg1
.stack                            64   R/W      0x100      0x13F   RAM
.vectSeg2_vect                     2     R     0xFFDC     0xFFDD   .vectSeg2
.vectSeg3_vect                     2     R     0xFFFE     0xFFFF   .vectSeg3

Summary of section sizes per section type:
READ_ONLY (R):         1A8 (dec:      424)
READ_WRITE (R/W):       48 (dec:       72)

*********************************************************************************************
VECTOR-ALLOCATION SECTION
    Address     InitValue   InitFunction
---------------------------------------------------------------------------------------------
     0xFFDC        0xE0F2   _Viic
     0xFFFE        0xE01B   _Startup

*********************************************************************************************
OBJECT-ALLOCATION SECTION
     Name               Module                 Addr   hSize   dSize     Ref    Section   RLIB
---------------------------------------------------------------------------------------------
MODULE:                 -- main_asm.obj --
- PROCEDURES:
     LookUpStatic                              E000       1       1       0   .init       
     LookUpSlideRight                          E001       8       8       0   .init       
     LookUpDiamond                             E009       7       7       0   .init       
     LookUpArrow                               E010       B      11       0   .init       
     _Startup                                  E01B      1F      31       0   .init       
     main                                      E01B       0       0       0   .init       
     mainLoop                                  E03A      62      98       0   .init       
     MIDDLE                                    E09C       2       2       0   .init       
     END                                       E09E       2       2       0   .init       
     AAAA                                      E0A0       A      10       0   .init       
     B                                         E0AA       A      10       0   .init       
     C                                         E0B4       A      10       0   .init       
     D                                         E0BE       A      10       0   .init       
     E                                         E0C8       6       6       0   .init       
     F                                         E0CE       6       6       0   .init       
     ONE                                       E0D4       6       6       0   .init       
     TWO                                       E0DA       6       6       0   .init       
     THREE                                     E0E0       6       6       0   .init       
     FOUR                                      E0E6       6       6       0   .init       
     FIVE                                      E0EC       6       6       0   .init       
     _Viic                                     E0F2       9       9       0   .init       
     SIX                                       E0FB       6       6       0   .init       
     SEVEN                                     E101       6       6       0   .init       
     EIGHT                                     E107       6       6       0   .init       
     NINE                                      E10D       6       6       0   .init       
     ZERO                                      E113       6       6       0   .init       
     IIC_Startup_slave                         E119       F      15       0   .init       
     Viic_slave                                E128       A      10       0   .init       
     Viic_slave_iaas                           E132       8       8       0   .init       
     Viic_slave_iaas2                          E13A       7       7       0   .init       
     Viic_slave_srw                            E141       8       8       0   .init       
     Viic_slave_setTx                          E149       C      12       0   .init       
     Viic_slave_setRx                          E155       9       9       0   .init       
     Viic_slave_txRx                           E15E       8       8       0   .init       
     Viic_slave_ack                            E166       8       8       0   .init       
     Viic_slave_read                           E16E      10      16       0   .init       
     loop1                                     E17E       5       5       0   .init       
     loop2                                     E183       5       5       0   .init       
     loop3                                     E188      1C      28       0   .init       
- VARIABLES:
     Counter1                                    60       1       1       0   .text       
     Counter2                                    61       1       1       0   .text       
     Counter3                                    62       1       1       0   .text       
     Check                                       63       1       1       0   .text       
     IIC_addr                                    64       1       1       0   .text       
     msgLength                                   65       1       1       0   .text       
     current                                     66       1       1       0   .text       
     IIC_MSG                                     67       1       1       0   .text       
- LABELS:
     __SEG_END_SSTACK                           140       0       0       1               

*********************************************************************************************
MODULE STATISTIC
  Name                                      Data   Code  Const
---------------------------------------------------------------------------------------------
  main_asm.obj                                 8    420      0
  other                                       64      4      0

*********************************************************************************************
SECTION USE IN OBJECT-ALLOCATION SECTION
---------------------------------------------------------------------------------------------
SECTION: ".text"
  Counter1 Counter2 Counter3 Check IIC_addr msgLength current IIC_MSG 
SECTION: ".init"
  LookUpStatic LookUpSlideRight LookUpDiamond LookUpArrow main _Startup 
  mainLoop MIDDLE END AAAA B C D E F ONE TWO THREE FOUR FIVE _Viic SIX SEVEN 
  EIGHT NINE ZERO IIC_Startup_slave Viic_slave Viic_slave_iaas Viic_slave_iaas2 
  Viic_slave_srw Viic_slave_setTx Viic_slave_setRx Viic_slave_txRx 
  Viic_slave_ack Viic_slave_read loop1 loop2 loop3 

*********************************************************************************************
OBJECT LIST SORTED BY ADDRESS
     Name                                      Addr   hSize   dSize     Ref    Section   RLIB
---------------------------------------------------------------------------------------------
     Counter1                                    60       1       1       0   .text       
     Counter2                                    61       1       1       0   .text       
     Counter3                                    62       1       1       0   .text       
     Check                                       63       1       1       0   .text       
     IIC_addr                                    64       1       1       0   .text       
     msgLength                                   65       1       1       0   .text       
     current                                     66       1       1       0   .text       
     IIC_MSG                                     67       1       1       0   .text       
     LookUpStatic                              E000       1       1       0   .init       
     LookUpSlideRight                          E001       8       8       0   .init       
     LookUpDiamond                             E009       7       7       0   .init       
     LookUpArrow                               E010       B      11       0   .init       
     main                                      E01B       0       0       0   .init       
     _Startup                                  E01B      1F      31       0   .init       
     mainLoop                                  E03A      62      98       0   .init       
     MIDDLE                                    E09C       2       2       0   .init       
     END                                       E09E       2       2       0   .init       
     AAAA                                      E0A0       A      10       0   .init       
     B                                         E0AA       A      10       0   .init       
     C                                         E0B4       A      10       0   .init       
     D                                         E0BE       A      10       0   .init       
     E                                         E0C8       6       6       0   .init       
     F                                         E0CE       6       6       0   .init       
     ONE                                       E0D4       6       6       0   .init       
     TWO                                       E0DA       6       6       0   .init       
     THREE                                     E0E0       6       6       0   .init       
     FOUR                                      E0E6       6       6       0   .init       
     FIVE                                      E0EC       6       6       0   .init       
     _Viic                                     E0F2       9       9       0   .init       
     SIX                                       E0FB       6       6       0   .init       
     SEVEN                                     E101       6       6       0   .init       
     EIGHT                                     E107       6       6       0   .init       
     NINE                                      E10D       6       6       0   .init       
     ZERO                                      E113       6       6       0   .init       
     IIC_Startup_slave                         E119       F      15       0   .init       
     Viic_slave                                E128       A      10       0   .init       
     Viic_slave_iaas                           E132       8       8       0   .init       
     Viic_slave_iaas2                          E13A       7       7       0   .init       
     Viic_slave_srw                            E141       8       8       0   .init       
     Viic_slave_setTx                          E149       C      12       0   .init       
     Viic_slave_setRx                          E155       9       9       0   .init       
     Viic_slave_txRx                           E15E       8       8       0   .init       
     Viic_slave_ack                            E166       8       8       0   .init       
     Viic_slave_read                           E16E      10      16       0   .init       
     loop1                                     E17E       5       5       0   .init       
     loop2                                     E183       5       5       0   .init       
     loop3                                     E188      1C      28       0   .init       

*********************************************************************************************
UNUSED-OBJECTS SECTION
---------------------------------------------------------------------------------------------

*********************************************************************************************
COPYDOWN SECTION
---------------------------------------------------------------------------------------------

*********************************************************************************************
OBJECT-DEPENDENCIES SECTION
---------------------------------------------------------------------------------------------

*********************************************************************************************
DEPENDENCY TREE
*********************************************************************************************
 main and _Startup Group
 | 
 +- main                
 |    
 +- _Startup            
      
*********************************************************************************************
STATISTIC SECTION
---------------------------------------------------------------------------------------------

ExeFile:
--------
Number of blocks to be downloaded: 3
Total size of all blocks to be downloaded: 424

