*** EVALUATION ***
PROGRAM "Daniel's_Last_Hope.abs"

*********************************************************************************************
TARGET SECTION
---------------------------------------------------------------------------------------------
Processor   : Freescale HC08
Memory Model: SMALL
File Format : ELF\DWARF 2.0
Linker      : SmartLinker V-5.0.53 Build 17146, May 27 2017

*********************************************************************************************
FILE SECTION
---------------------------------------------------------------------------------------------
main_asm.obj                            Model: SMALL,         Lang: Assembler,     Compiler Version: Assembler for HC08 V-5.0.30 Build 17146, May 27 2017

*********************************************************************************************
STARTUP SECTION
---------------------------------------------------------------------------------------------
Entry point: 0xE000 (_Startup)

*********************************************************************************************
SECTION-ALLOCATION SECTION
Section Name                    Size  Type     From       To       Segment
---------------------------------------------------------------------------------------------
main_asm__ORG00001                 4   R/W       0x60       0x63   .absSeg0
main_asm__ORG00002                29     R     0xE000     0xE01C   .absSeg1
.stack                            64   R/W      0x100      0x13F   RAM
.vectSeg2_vect                     2     R     0xFFFE     0xFFFF   .vectSeg2

Summary of section sizes per section type:
READ_ONLY (R):          1F (dec:       31)
READ_WRITE (R/W):       44 (dec:       68)

*********************************************************************************************
VECTOR-ALLOCATION SECTION
    Address     InitValue   InitFunction
---------------------------------------------------------------------------------------------
     0xFFFE        0xE000   _Startup

*********************************************************************************************
OBJECT-ALLOCATION SECTION
     Name               Module                 Addr   hSize   dSize     Ref    Section   RLIB
---------------------------------------------------------------------------------------------
MODULE:                 -- main_asm.obj --
- PROCEDURES:
     _Startup                                  E000      11      17       0   .init       
     main                                      E000       0       0       0   .init       
     mainLoop                                  E011       C      12       0   .init       
- VARIABLES:
     IIC_addr                                    60       1       1       0   .text       
     msgLength                                   61       1       1       0   .text       
     current                                     62       1       1       0   .text       
     IIC_msg                                     63       1       1       0   .text       
- LABELS:
     __SEG_END_SSTACK                           140       0       0       1               

*********************************************************************************************
MODULE STATISTIC
  Name                                      Data   Code  Const
---------------------------------------------------------------------------------------------
  main_asm.obj                                 4     29      0
  other                                       64      2      0

*********************************************************************************************
SECTION USE IN OBJECT-ALLOCATION SECTION
---------------------------------------------------------------------------------------------
SECTION: ".text"
  IIC_addr msgLength current IIC_msg 
SECTION: ".init"
  main _Startup mainLoop 

*********************************************************************************************
OBJECT LIST SORTED BY ADDRESS
     Name                                      Addr   hSize   dSize     Ref    Section   RLIB
---------------------------------------------------------------------------------------------
     IIC_addr                                    60       1       1       0   .text       
     msgLength                                   61       1       1       0   .text       
     current                                     62       1       1       0   .text       
     IIC_msg                                     63       1       1       0   .text       
     main                                      E000       0       0       0   .init       
     _Startup                                  E000      11      17       0   .init       
     mainLoop                                  E011       C      12       0   .init       

*********************************************************************************************
UNUSED-OBJECTS SECTION
---------------------------------------------------------------------------------------------

*********************************************************************************************
COPYDOWN SECTION
---------------------------------------------------------------------------------------------

*********************************************************************************************
OBJECT-DEPENDENCIES SECTION
---------------------------------------------------------------------------------------------

*********************************************************************************************
DEPENDENCY TREE
*********************************************************************************************
 main and _Startup Group
 | 
 +- main                
 |    
 +- _Startup            
      
*********************************************************************************************
STATISTIC SECTION
---------------------------------------------------------------------------------------------

ExeFile:
--------
Number of blocks to be downloaded: 2
Total size of all blocks to be downloaded: 31

