*** EVALUATION ***
PROGRAM "lab04_temp.abs"

*********************************************************************************************
TARGET SECTION
---------------------------------------------------------------------------------------------
Processor   : Freescale HC08
Memory Model: SMALL
File Format : ELF\DWARF 2.0
Linker      : SmartLinker V-5.0.53 Build 17146, May 27 2017

*********************************************************************************************
FILE SECTION
---------------------------------------------------------------------------------------------
main_asm.obj                            Model: SMALL,         Lang: Assembler,     Compiler Version: Assembler for HC08 V-5.0.30 Build 17146, May 27 2017

*********************************************************************************************
STARTUP SECTION
---------------------------------------------------------------------------------------------
Entry point: 0xE021 (_Startup)

*********************************************************************************************
SECTION-ALLOCATION SECTION
Section Name                    Size  Type     From       To       Segment
---------------------------------------------------------------------------------------------
main_asm__ORG00001                11   R/W       0x60       0x6A   .absSeg0
main_asm__ORG00002               936     R     0xE000     0xE3A7   .absSeg1
.stack                            64   R/W      0x100      0x13F   RAM
.vectSeg2_vect                     2     R     0xFFDC     0xFFDD   .vectSeg2
.vectSeg3_vect                     2     R     0xFFFE     0xFFFF   .vectSeg3

Summary of section sizes per section type:
READ_ONLY (R):         3AC (dec:      940)
READ_WRITE (R/W):       4B (dec:       75)

*********************************************************************************************
VECTOR-ALLOCATION SECTION
    Address     InitValue   InitFunction
---------------------------------------------------------------------------------------------
     0xFFDC        0xE34A   _Viic
     0xFFFE        0xE021   _Startup

*********************************************************************************************
OBJECT-ALLOCATION SECTION
     Name               Module                 Addr   hSize   dSize     Ref    Section   RLIB
---------------------------------------------------------------------------------------------
MODULE:                 -- main_asm.obj --
- PROCEDURES:
     MSG1                                      E000       D      13       0   .init       
     VAR00001                                  E00D       1       1       0   .init       
     MSG2                                      E00E       D      13       0   .init       
     VAR00002                                  E01B       1       1       0   .init       
     MSG3                                      E01C       4       4       0   .init       
     VAR00003                                  E020       1       1       0   .init       
     _Startup                                  E021      7D     125       0   .init       
     main                                      E021       0       0       0   .init       
     mainLoop                                  E09E       7       7       0   .init       
     GiveMeA1                                  E0A5       B      11       0   .init       
     JUMP7                                     E0B0       7       7       0   .init       
     GiveMeA2                                  E0B7       B      11       0   .init       
     JUMP8                                     E0C2       7       7       0   .init       
     GiveMeA3                                  E0C9       B      11       0   .init       
     JUMP9                                     E0D4       7       7       0   .init       
     GiveMeA4                                  E0DB       D      13       0   .init       
     MIDDLE1                                   E0E8       2       2       0   .init       
     JUMP10                                    E0EA       7       7       0   .init       
     GiveMeA5                                  E0F1       B      11       0   .init       
     JUMP11                                    E0FC       7       7       0   .init       
     GiveMeA6                                  E103       B      11       0   .init       
     JUMP12                                    E10E       7       7       0   .init       
     GiveMeA7                                  E115       B      11       0   .init       
     JUMP13                                    E120       7       7       0   .init       
     GiveMeA8                                  E127       F      15       0   .init       
     JUMP14                                    E136       7       7       0   .init       
     GiveMeA9                                  E13D       B      11       0   .init       
     JUMP15                                    E148       B      11       0   .init       
     GiveMeA0                                  E153       8       8       0   .init       
     Another                                   E15B       8       8       0   .init       
     GiveMeAE                                  E163      16      22       0   .init       
     NEW                                       E179      26      38       0   .init       
     INF                                       E19F       7       7       0   .init       
     T                                         E1A6      47      71       0   .init       
     INT                                       E1ED      1A      26       0   .init       
     INF2                                      E207       7       7       0   .init       
     T2                                        E20E      A4     164       0   .init       
     DebugBounce                               E2B2       5       5       0   .init       
     loop3                                     E2B7       5       5       0   .init       
     loop4                                     E2BC      13      19       0   .init       
     MESSAGE1                                  E2CF       9       9       0   .init       
     L3                                        E2D8       E      14       0   .init       
     OUTMSG1                                   E2E6       1       1       0   .init       
     MESSAGE2                                  E2E7       7       7       0   .init       
     L44                                       E2EE       E      14       0   .init       
     OUTMSG2                                   E2FC       1       1       0   .init       
     MESSAGE3                                  E2FD       7       7       0   .init       
     L444                                      E304       E      14       0   .init       
     OUTMSG3                                   E312       1       1       0   .init       
     VAR_DELAY                                 E313       2       2       0   .init       
     L1                                        E315       8       8       0   .init       
     LCD_WRITE                                 E31D       9       9       0   .init       
     L2                                        E326       4       4       0   .init       
     LCD_ADDR                                  E32A       B      11       0   .init       
     L4                                        E335       6       6       0   .init       
     IIC_Startup_slave                         E33B       F      15       0   .init       
     _Viic                                     E34A       D      13       0   .init       
     Viic_slave                                E357       A      10       0   .init       
     Viic_slave_iaas                           E361       8       8       0   .init       
     Viic_slave_iaas2                          E369       7       7       0   .init       
     Viic_slave_srw                            E370       8       8       0   .init       
     Viic_slave_setTx                          E378       C      12       0   .init       
     Viic_slave_setRx                          E384       9       9       0   .init       
     Viic_slave_txRx                           E38D       8       8       0   .init       
     Viic_slave_ack                            E395       8       8       0   .init       
     Viic_slave_read                           E39D       B      11       0   .init       
- VARIABLES:
     FLAG                                        60       1       1       0   .text       
     FLAG2                                       61       1       1       0   .text       
     Storage                                     62       1       1       0   .text       
     Temperature                                 63       1       1       0   .text       
     Kelvin                                      64       1       1       0   .text       
     BigDud                                      65       1       1       0   .text       
     IIC_addr                                    66       1       1       0   .text       
     msgLength                                   67       1       1       0   .text       
     current                                     68       1       1       0   .text       
     IIC_MSG                                     69       1       1       0   .text       
     TIME                                        6A       1       1       0   .text       
- LABELS:
     __SEG_END_SSTACK                           140       0       0       1               

*********************************************************************************************
MODULE STATISTIC
  Name                                      Data   Code  Const
---------------------------------------------------------------------------------------------
  main_asm.obj                                11    936      0
  other                                       64      4      0

*********************************************************************************************
SECTION USE IN OBJECT-ALLOCATION SECTION
---------------------------------------------------------------------------------------------
SECTION: ".text"
  FLAG FLAG2 Storage Temperature Kelvin BigDud IIC_addr msgLength current 
  IIC_MSG TIME 
SECTION: ".init"
  MSG1 VAR00001 MSG2 VAR00002 MSG3 VAR00003 main _Startup mainLoop GiveMeA1 
  JUMP7 GiveMeA2 JUMP8 GiveMeA3 JUMP9 GiveMeA4 MIDDLE1 JUMP10 GiveMeA5 JUMP11 
  GiveMeA6 JUMP12 GiveMeA7 JUMP13 GiveMeA8 JUMP14 GiveMeA9 JUMP15 GiveMeA0 
  Another GiveMeAE NEW INF T INT INF2 T2 DebugBounce loop3 loop4 MESSAGE1 L3 
  OUTMSG1 MESSAGE2 L44 OUTMSG2 MESSAGE3 L444 OUTMSG3 VAR_DELAY L1 LCD_WRITE L2 
  LCD_ADDR L4 IIC_Startup_slave _Viic Viic_slave Viic_slave_iaas 
  Viic_slave_iaas2 Viic_slave_srw Viic_slave_setTx Viic_slave_setRx 
  Viic_slave_txRx Viic_slave_ack Viic_slave_read 

*********************************************************************************************
OBJECT LIST SORTED BY ADDRESS
     Name                                      Addr   hSize   dSize     Ref    Section   RLIB
---------------------------------------------------------------------------------------------
     FLAG                                        60       1       1       0   .text       
     FLAG2                                       61       1       1       0   .text       
     Storage                                     62       1       1       0   .text       
     Temperature                                 63       1       1       0   .text       
     Kelvin                                      64       1       1       0   .text       
     BigDud                                      65       1       1       0   .text       
     IIC_addr                                    66       1       1       0   .text       
     msgLength                                   67       1       1       0   .text       
     current                                     68       1       1       0   .text       
     IIC_MSG                                     69       1       1       0   .text       
     TIME                                        6A       1       1       0   .text       
     MSG1                                      E000       D      13       0   .init       
     VAR00001                                  E00D       1       1       0   .init       
     MSG2                                      E00E       D      13       0   .init       
     VAR00002                                  E01B       1       1       0   .init       
     MSG3                                      E01C       4       4       0   .init       
     VAR00003                                  E020       1       1       0   .init       
     main                                      E021       0       0       0   .init       
     _Startup                                  E021      7D     125       0   .init       
     mainLoop                                  E09E       7       7       0   .init       
     GiveMeA1                                  E0A5       B      11       0   .init       
     JUMP7                                     E0B0       7       7       0   .init       
     GiveMeA2                                  E0B7       B      11       0   .init       
     JUMP8                                     E0C2       7       7       0   .init       
     GiveMeA3                                  E0C9       B      11       0   .init       
     JUMP9                                     E0D4       7       7       0   .init       
     GiveMeA4                                  E0DB       D      13       0   .init       
     MIDDLE1                                   E0E8       2       2       0   .init       
     JUMP10                                    E0EA       7       7       0   .init       
     GiveMeA5                                  E0F1       B      11       0   .init       
     JUMP11                                    E0FC       7       7       0   .init       
     GiveMeA6                                  E103       B      11       0   .init       
     JUMP12                                    E10E       7       7       0   .init       
     GiveMeA7                                  E115       B      11       0   .init       
     JUMP13                                    E120       7       7       0   .init       
     GiveMeA8                                  E127       F      15       0   .init       
     JUMP14                                    E136       7       7       0   .init       
     GiveMeA9                                  E13D       B      11       0   .init       
     JUMP15                                    E148       B      11       0   .init       
     GiveMeA0                                  E153       8       8       0   .init       
     Another                                   E15B       8       8       0   .init       
     GiveMeAE                                  E163      16      22       0   .init       
     NEW                                       E179      26      38       0   .init       
     INF                                       E19F       7       7       0   .init       
     T                                         E1A6      47      71       0   .init       
     INT                                       E1ED      1A      26       0   .init       
     INF2                                      E207       7       7       0   .init       
     T2                                        E20E      A4     164       0   .init       
     DebugBounce                               E2B2       5       5       0   .init       
     loop3                                     E2B7       5       5       0   .init       
     loop4                                     E2BC      13      19       0   .init       
     MESSAGE1                                  E2CF       9       9       0   .init       
     L3                                        E2D8       E      14       0   .init       
     OUTMSG1                                   E2E6       1       1       0   .init       
     MESSAGE2                                  E2E7       7       7       0   .init       
     L44                                       E2EE       E      14       0   .init       
     OUTMSG2                                   E2FC       1       1       0   .init       
     MESSAGE3                                  E2FD       7       7       0   .init       
     L444                                      E304       E      14       0   .init       
     OUTMSG3                                   E312       1       1       0   .init       
     VAR_DELAY                                 E313       2       2       0   .init       
     L1                                        E315       8       8       0   .init       
     LCD_WRITE                                 E31D       9       9       0   .init       
     L2                                        E326       4       4       0   .init       
     LCD_ADDR                                  E32A       B      11       0   .init       
     L4                                        E335       6       6       0   .init       
     IIC_Startup_slave                         E33B       F      15       0   .init       
     _Viic                                     E34A       D      13       0   .init       
     Viic_slave                                E357       A      10       0   .init       
     Viic_slave_iaas                           E361       8       8       0   .init       
     Viic_slave_iaas2                          E369       7       7       0   .init       
     Viic_slave_srw                            E370       8       8       0   .init       
     Viic_slave_setTx                          E378       C      12       0   .init       
     Viic_slave_setRx                          E384       9       9       0   .init       
     Viic_slave_txRx                           E38D       8       8       0   .init       
     Viic_slave_ack                            E395       8       8       0   .init       
     Viic_slave_read                           E39D       B      11       0   .init       

*********************************************************************************************
UNUSED-OBJECTS SECTION
---------------------------------------------------------------------------------------------

*********************************************************************************************
COPYDOWN SECTION
---------------------------------------------------------------------------------------------

*********************************************************************************************
OBJECT-DEPENDENCIES SECTION
---------------------------------------------------------------------------------------------

*********************************************************************************************
DEPENDENCY TREE
*********************************************************************************************
 main and _Startup Group
 | 
 +- main                
 |    
 +- _Startup            
      
*********************************************************************************************
STATISTIC SECTION
---------------------------------------------------------------------------------------------

ExeFile:
--------
Number of blocks to be downloaded: 3
Total size of all blocks to be downloaded: 940

