*** EVALUATION ***
PROGRAM "Lab9.abs"

*********************************************************************************************
TARGET SECTION
---------------------------------------------------------------------------------------------
Processor   : Freescale HC08
Memory Model: SMALL
File Format : ELF\DWARF 2.0
Linker      : SmartLinker V-5.0.53 Build 17146, May 27 2017

*********************************************************************************************
FILE SECTION
---------------------------------------------------------------------------------------------
main_asm.obj                            Model: SMALL,         Lang: Assembler,     Compiler Version: Assembler for HC08 V-5.0.30 Build 17146, May 27 2017

*********************************************************************************************
STARTUP SECTION
---------------------------------------------------------------------------------------------
Entry point: 0xE000 (_Startup)

*********************************************************************************************
SECTION-ALLOCATION SECTION
Section Name                    Size  Type     From       To       Segment
---------------------------------------------------------------------------------------------
main_asm__ORG00001                 1   R/W      0x600      0x600   .absSeg0
main_asm__ORG00002               118     R     0xE000     0xE075   .absSeg1
.stack                            64   R/W      0x100      0x13F   RAM
.vectSeg2_vect                     2     R     0xFFDA     0xFFDB   .vectSeg2
.vectSeg3_vect                     2     R     0xFFFE     0xFFFF   .vectSeg3

Summary of section sizes per section type:
READ_ONLY (R):          7A (dec:      122)
READ_WRITE (R/W):       41 (dec:       65)

*********************************************************************************************
VECTOR-ALLOCATION SECTION
    Address     InitValue   InitFunction
---------------------------------------------------------------------------------------------
     0xFFDA        0xE070   LetsFlash
     0xFFFE        0xE000   _Startup

*********************************************************************************************
OBJECT-ALLOCATION SECTION
     Name               Module                 Addr   hSize   dSize     Ref    Section   RLIB
---------------------------------------------------------------------------------------------
MODULE:                 -- main_asm.obj --
- PROCEDURES:
     _Startup                                  E000      31      49       0   .init       
     main                                      E000       0       0       0   .init       
     mainLoop                                  E031      13      19       0   .init       
     Turtle2                                   E044       9       9       0   .init       
     TURNT                                     E04D       8       8       0   .init       
     Rabbit                                    E055       9       9       0   .init       
     Rabbit2                                   E05E      12      18       0   .init       
     LetsFlash                                 E070       6       6       0   .init       
- VARIABLES:
     WhatKey                                    600       1       1       0   .text       

*********************************************************************************************
MODULE STATISTIC
  Name                                      Data   Code  Const
---------------------------------------------------------------------------------------------
  main_asm.obj                                 1    118      0
  other                                       64      4      0

*********************************************************************************************
SECTION USE IN OBJECT-ALLOCATION SECTION
---------------------------------------------------------------------------------------------
SECTION: ".text"
  WhatKey 
SECTION: ".init"
  main _Startup mainLoop Turtle2 TURNT Rabbit Rabbit2 LetsFlash 

*********************************************************************************************
OBJECT LIST SORTED BY ADDRESS
     Name                                      Addr   hSize   dSize     Ref    Section   RLIB
---------------------------------------------------------------------------------------------
     WhatKey                                    600       1       1       0   .text       
     main                                      E000       0       0       0   .init       
     _Startup                                  E000      31      49       0   .init       
     mainLoop                                  E031      13      19       0   .init       
     Turtle2                                   E044       9       9       0   .init       
     TURNT                                     E04D       8       8       0   .init       
     Rabbit                                    E055       9       9       0   .init       
     Rabbit2                                   E05E      12      18       0   .init       
     LetsFlash                                 E070       6       6       0   .init       

*********************************************************************************************
UNUSED-OBJECTS SECTION
---------------------------------------------------------------------------------------------

*********************************************************************************************
COPYDOWN SECTION
---------------------------------------------------------------------------------------------

*********************************************************************************************
OBJECT-DEPENDENCIES SECTION
---------------------------------------------------------------------------------------------

*********************************************************************************************
DEPENDENCY TREE
*********************************************************************************************
 main and _Startup Group
 | 
 +- main                
 |    
 +- _Startup            
      
*********************************************************************************************
STATISTIC SECTION
---------------------------------------------------------------------------------------------

ExeFile:
--------
Number of blocks to be downloaded: 3
Total size of all blocks to be downloaded: 122

